Archive member included to satisfy reference by file (symbol)

/usr/lib/gcc/arm-none-eabi/14.2.1/libgcc.a(_arm_mulsf3.o)
                              /tmp/ccN4tt9q.o (__aeabi_fmul)
/usr/lib/gcc/arm-none-eabi/14.2.1/libgcc.a(_divsi3.o)
                              /tmp/ccN4tt9q.o (__aeabi_idiv)
/usr/lib/gcc/arm-none-eabi/14.2.1/libgcc.a(_dvmd_tls.o)
                              /usr/lib/gcc/arm-none-eabi/14.2.1/libgcc.a(_divsi3.o) (__aeabi_idiv0)
/usr/lib/gcc/arm-none-eabi/14.2.1/libgcc.a(_arm_addsubsf3.o)
                              /tmp/ccN4tt9q.o (__aeabi_i2f)
/usr/lib/gcc/arm-none-eabi/14.2.1/libgcc.a(_arm_muldivsf3.o)
                              /tmp/ccN4tt9q.o (__aeabi_fdiv)
/usr/lib/gcc/arm-none-eabi/14.2.1/libgcc.a(_arm_fixsfsi.o)
                              /tmp/ccN4tt9q.o (__aeabi_f2iz)

Discarded input sections

 .text          0x00000000        0x0 /tmp/ccxAXIVH.o
 .data          0x00000000        0x0 /tmp/ccxAXIVH.o
 .bss           0x00000000        0x0 /tmp/ccxAXIVH.o
 .data          0x00000000        0x0 /tmp/ccwr2mD3.o
 .bss           0x00000000        0x0 /tmp/ccwr2mD3.o
 .comment       0x00000000       0x27 /tmp/ccwr2mD3.o
 .data          0x00000000        0x0 /tmp/ccjSqcf9.o
 .comment       0x00000000       0x27 /tmp/ccjSqcf9.o
 .data          0x00000000        0x0 /tmp/ccN4tt9q.o
 .comment       0x00000000       0x27 /tmp/ccN4tt9q.o
 .data          0x00000000        0x0 /tmp/ccVkPaVK.o
 .bss           0x00000000        0x0 /tmp/ccVkPaVK.o
 .comment       0x00000000       0x27 /tmp/ccVkPaVK.o
 .text          0x00000000      0x198 /usr/lib/gcc/arm-none-eabi/14.2.1/libgcc.a(_arm_mulsf3.o)
 .data          0x00000000        0x0 /usr/lib/gcc/arm-none-eabi/14.2.1/libgcc.a(_arm_mulsf3.o)
 .bss           0x00000000        0x0 /usr/lib/gcc/arm-none-eabi/14.2.1/libgcc.a(_arm_mulsf3.o)
 .debug_line    0x00000000       0xaf /usr/lib/gcc/arm-none-eabi/14.2.1/libgcc.a(_arm_mulsf3.o)
 .debug_line_str
                0x00000000       0x78 /usr/lib/gcc/arm-none-eabi/14.2.1/libgcc.a(_arm_mulsf3.o)
 .debug_info    0x00000000       0x3f /usr/lib/gcc/arm-none-eabi/14.2.1/libgcc.a(_arm_mulsf3.o)
 .debug_abbrev  0x00000000       0x26 /usr/lib/gcc/arm-none-eabi/14.2.1/libgcc.a(_arm_mulsf3.o)
 .debug_aranges
                0x00000000       0x20 /usr/lib/gcc/arm-none-eabi/14.2.1/libgcc.a(_arm_mulsf3.o)
 .debug_str     0x00000000       0x9d /usr/lib/gcc/arm-none-eabi/14.2.1/libgcc.a(_arm_mulsf3.o)
 .debug_frame   0x00000000       0x24 /usr/lib/gcc/arm-none-eabi/14.2.1/libgcc.a(_arm_mulsf3.o)
 .ARM.attributes
                0x00000000       0x1c /usr/lib/gcc/arm-none-eabi/14.2.1/libgcc.a(_arm_mulsf3.o)
 .data          0x00000000        0x0 /usr/lib/gcc/arm-none-eabi/14.2.1/libgcc.a(_divsi3.o)
 .bss           0x00000000        0x0 /usr/lib/gcc/arm-none-eabi/14.2.1/libgcc.a(_divsi3.o)
 .data          0x00000000        0x0 /usr/lib/gcc/arm-none-eabi/14.2.1/libgcc.a(_dvmd_tls.o)
 .bss           0x00000000        0x0 /usr/lib/gcc/arm-none-eabi/14.2.1/libgcc.a(_dvmd_tls.o)
 .data          0x00000000        0x0 /usr/lib/gcc/arm-none-eabi/14.2.1/libgcc.a(_arm_addsubsf3.o)
 .bss           0x00000000        0x0 /usr/lib/gcc/arm-none-eabi/14.2.1/libgcc.a(_arm_addsubsf3.o)
 .data          0x00000000        0x0 /usr/lib/gcc/arm-none-eabi/14.2.1/libgcc.a(_arm_muldivsf3.o)
 .bss           0x00000000        0x0 /usr/lib/gcc/arm-none-eabi/14.2.1/libgcc.a(_arm_muldivsf3.o)
 .data          0x00000000        0x0 /usr/lib/gcc/arm-none-eabi/14.2.1/libgcc.a(_arm_fixsfsi.o)
 .bss           0x00000000        0x0 /usr/lib/gcc/arm-none-eabi/14.2.1/libgcc.a(_arm_fixsfsi.o)

Memory Configuration

Name             Origin             Length             Attributes
ROM              0x08000000         0x00400000         xr
IWRAM            0x03000000         0x00008000         xrw
*default*        0x00000000         0xffffffff

Linker script and memory map

LOAD /tmp/ccxAXIVH.o
LOAD /tmp/ccwr2mD3.o
LOAD /tmp/ccjSqcf9.o
LOAD /tmp/ccN4tt9q.o
LOAD /tmp/ccVkPaVK.o
LOAD /usr/lib/gcc/arm-none-eabi/14.2.1/libgcc.a

.text           0x08000000     0x199c
 *(.text.start)
 .text.start    0x08000000      0x118 /tmp/ccxAXIVH.o
                0x08000000                _start
 *(.text*)
 .text          0x08000118      0x1a8 /tmp/ccwr2mD3.o
                0x08000118                c_start
 .text          0x080002c0      0x138 /tmp/ccjSqcf9.o
                0x080002c0                malloc
                0x080002f0                memcpy
                0x08000314                memset
                0x08000338                strcpy
                0x08000350                strcmp
                0x08000394                printf
                0x080003b4                scanf
                0x080003d4                time
 .text          0x080003f8      0x17c /tmp/ccN4tt9q.o
                0x080003f8                Proc_1
                0x080004cc                Proc_2
                0x080004f8                Proc_3
                0x08000530                Proc_4
                0x08000558                Proc_5
 .text.startup  0x08000574      0x5bc /tmp/ccN4tt9q.o
                0x08000574                main
 .text          0x08000b30      0x158 /tmp/ccVkPaVK.o
                0x08000b30                Proc_6
                0x08000b94                Proc_7
                0x08000ba8                Proc_8
                0x08000c14                Func_1
                0x08000c38                Func_2
                0x08000c74                Func_3
 .text          0x08000c88      0x148 /usr/lib/gcc/arm-none-eabi/14.2.1/libgcc.a(_divsi3.o)
                0x08000c88                __aeabi_idiv
                0x08000c88                __divsi3
                0x08000db0                __aeabi_idivmod
 .text          0x08000dd0        0x4 /usr/lib/gcc/arm-none-eabi/14.2.1/libgcc.a(_dvmd_tls.o)
                0x08000dd0                __aeabi_ldiv0
                0x08000dd0                __aeabi_idiv0
 .text          0x08000dd4      0x2ac /usr/lib/gcc/arm-none-eabi/14.2.1/libgcc.a(_arm_addsubsf3.o)
                0x08000dd4                __aeabi_frsub
                0x08000ddc                __subsf3
                0x08000ddc                __aeabi_fsub
                0x08000de0                __aeabi_fadd
                0x08000de0                __addsf3
                0x08000f9c                __aeabi_ui2f
                0x08000f9c                __floatunsisf
                0x08000fa4                __aeabi_i2f
                0x08000fa4                __floatsisf
                0x08000fc4                __floatundisf
                0x08000fc4                __aeabi_ul2f
                0x08000fd4                __floatdisf
                0x08000fd4                __aeabi_l2f
 .text          0x08001080      0x2f8 /usr/lib/gcc/arm-none-eabi/14.2.1/libgcc.a(_arm_muldivsf3.o)
                0x08001080                __mulsf3
                0x08001080                __aeabi_fmul
                0x08001218                __divsf3
                0x08001218                __aeabi_fdiv
 .text          0x08001378       0x5c /usr/lib/gcc/arm-none-eabi/14.2.1/libgcc.a(_arm_fixsfsi.o)
                0x08001378                __fixsfsi
                0x08001378                __aeabi_f2iz
 *(.rodata*)
 .rodata.str1.4
                0x080013d4      0x5c5 /tmp/ccN4tt9q.o
                                0x5c1 (size before relaxing)
                0x0800199c                        . = ALIGN (0x4)
 *fill*         0x08001999        0x3 
                0x0800199c                        __data_load_start = LOADADDR (.data)

.glue_7         0x0800199c        0x0
 .glue_7        0x0800199c        0x0 linker stubs

.glue_7t        0x0800199c        0x0
 .glue_7t       0x0800199c        0x0 linker stubs

.vfp11_veneer   0x0800199c        0x0
 .vfp11_veneer  0x0800199c        0x0 linker stubs

.v4_bx          0x0800199c        0x0
 .v4_bx         0x0800199c        0x0 linker stubs

.iplt           0x0800199c        0x0
 .iplt          0x0800199c        0x0 /tmp/ccxAXIVH.o

.rel.dyn        0x0800199c        0x0
 .rel.iplt      0x0800199c        0x0 /tmp/ccxAXIVH.o

.data           0x03000000        0x0 load address 0x0800199c
                0x03000000                        __data_start__ = .
 *(.data*)
                0x03000000                        . = ALIGN (0x4)
                0x03000000                        __data_end__ = .

.igot.plt       0x03000000        0x0 load address 0x0800199c
 .igot.plt      0x03000000        0x0 /tmp/ccxAXIVH.o

.bss            0x03000000     0x2c10 load address 0x0800199c
                0x03000000                        __bss_start__ = .
 *(.bss*)
 .bss           0x03000000      0x408 /tmp/ccjSqcf9.o
 .bss           0x03000408     0x2808 /tmp/ccN4tt9q.o
                0x03000408                Ptr_Glob
                0x0300040c                Int_Glob
                0x03000410                Next_Ptr_Glob
                0x03000414                Reg
                0x03000418                Begin_Time
                0x0300041c                Ch_1_Glob
                0x03000420                Bool_Glob
                0x03000424                Ch_2_Glob
                0x03000428                Arr_1_Glob
                0x030004f0                End_Time
                0x030004f4                User_Time
                0x030004f8                Microseconds
                0x030004fc                Dhrystones_Per_Second
                0x03000500                Arr_2_Glob
 *(COMMON)
                0x03002c10                        . = ALIGN (0x4)
                0x03002c10                        __bss_end__ = .

/DISCARD/
 *(.comment*)
 *(.eh_frame*)
 *(.note*)
OUTPUT(dhrystone_arm.elf elf32-littlearm)
LOAD linker stubs

.ARM.attributes
                0x00000000       0x26
 .ARM.attributes
                0x00000000       0x1a /tmp/ccxAXIVH.o
 .ARM.attributes
                0x0000001a       0x2a /tmp/ccwr2mD3.o
 .ARM.attributes
                0x00000044       0x2a /tmp/ccjSqcf9.o
 .ARM.attributes
                0x0000006e       0x2a /tmp/ccN4tt9q.o
 .ARM.attributes
                0x00000098       0x2a /tmp/ccVkPaVK.o
 .ARM.attributes
                0x000000c2       0x1c /usr/lib/gcc/arm-none-eabi/14.2.1/libgcc.a(_divsi3.o)
 .ARM.attributes
                0x000000de       0x1c /usr/lib/gcc/arm-none-eabi/14.2.1/libgcc.a(_dvmd_tls.o)
 .ARM.attributes
                0x000000fa       0x1c /usr/lib/gcc/arm-none-eabi/14.2.1/libgcc.a(_arm_addsubsf3.o)
 .ARM.attributes
                0x00000116       0x1c /usr/lib/gcc/arm-none-eabi/14.2.1/libgcc.a(_arm_muldivsf3.o)
 .ARM.attributes
                0x00000132       0x1c /usr/lib/gcc/arm-none-eabi/14.2.1/libgcc.a(_arm_fixsfsi.o)

.debug_frame    0x00000000       0xc8
 .debug_frame   0x00000000       0x20 /usr/lib/gcc/arm-none-eabi/14.2.1/libgcc.a(_divsi3.o)
 .debug_frame   0x00000020       0x4c /usr/lib/gcc/arm-none-eabi/14.2.1/libgcc.a(_arm_addsubsf3.o)
 .debug_frame   0x0000006c       0x38 /usr/lib/gcc/arm-none-eabi/14.2.1/libgcc.a(_arm_muldivsf3.o)
 .debug_frame   0x000000a4       0x24 /usr/lib/gcc/arm-none-eabi/14.2.1/libgcc.a(_arm_fixsfsi.o)

.debug_line     0x00000000      0x325
 .debug_line    0x00000000       0x73 /usr/lib/gcc/arm-none-eabi/14.2.1/libgcc.a(_divsi3.o)
 .debug_line    0x00000073       0x4a /usr/lib/gcc/arm-none-eabi/14.2.1/libgcc.a(_dvmd_tls.o)
 .debug_line    0x000000bd       0xff /usr/lib/gcc/arm-none-eabi/14.2.1/libgcc.a(_arm_addsubsf3.o)
 .debug_line    0x000001bc      0x109 /usr/lib/gcc/arm-none-eabi/14.2.1/libgcc.a(_arm_muldivsf3.o)
 .debug_line    0x000002c5       0x60 /usr/lib/gcc/arm-none-eabi/14.2.1/libgcc.a(_arm_fixsfsi.o)

.debug_line_str
                0x00000000       0x84
 .debug_line_str
                0x00000000       0x84 /usr/lib/gcc/arm-none-eabi/14.2.1/libgcc.a(_divsi3.o)
                                 0x77 (size before relaxing)
 .debug_line_str
                0x00000084       0x77 /usr/lib/gcc/arm-none-eabi/14.2.1/libgcc.a(_dvmd_tls.o)
 .debug_line_str
                0x00000084       0x78 /usr/lib/gcc/arm-none-eabi/14.2.1/libgcc.a(_arm_addsubsf3.o)
 .debug_line_str
                0x00000084       0x78 /usr/lib/gcc/arm-none-eabi/14.2.1/libgcc.a(_arm_muldivsf3.o)
 .debug_line_str
                0x00000084       0x78 /usr/lib/gcc/arm-none-eabi/14.2.1/libgcc.a(_arm_fixsfsi.o)

.debug_info     0x00000000      0x1d9
 .debug_info    0x00000000       0x3e /usr/lib/gcc/arm-none-eabi/14.2.1/libgcc.a(_divsi3.o)
 .debug_info    0x0000003e       0x3c /usr/lib/gcc/arm-none-eabi/14.2.1/libgcc.a(_dvmd_tls.o)
 .debug_info    0x0000007a       0xcc /usr/lib/gcc/arm-none-eabi/14.2.1/libgcc.a(_arm_addsubsf3.o)
 .debug_info    0x00000146       0x57 /usr/lib/gcc/arm-none-eabi/14.2.1/libgcc.a(_arm_muldivsf3.o)
 .debug_info    0x0000019d       0x3c /usr/lib/gcc/arm-none-eabi/14.2.1/libgcc.a(_arm_fixsfsi.o)

.debug_abbrev   0x00000000       0xc6
 .debug_abbrev  0x00000000       0x28 /usr/lib/gcc/arm-none-eabi/14.2.1/libgcc.a(_divsi3.o)
 .debug_abbrev  0x00000028       0x26 /usr/lib/gcc/arm-none-eabi/14.2.1/libgcc.a(_dvmd_tls.o)
 .debug_abbrev  0x0000004e       0x28 /usr/lib/gcc/arm-none-eabi/14.2.1/libgcc.a(_arm_addsubsf3.o)
 .debug_abbrev  0x00000076       0x28 /usr/lib/gcc/arm-none-eabi/14.2.1/libgcc.a(_arm_muldivsf3.o)
 .debug_abbrev  0x0000009e       0x28 /usr/lib/gcc/arm-none-eabi/14.2.1/libgcc.a(_arm_fixsfsi.o)

.debug_aranges  0x00000000       0xa0
 .debug_aranges
                0x00000000       0x20 /usr/lib/gcc/arm-none-eabi/14.2.1/libgcc.a(_divsi3.o)
 .debug_aranges
                0x00000020       0x20 /usr/lib/gcc/arm-none-eabi/14.2.1/libgcc.a(_dvmd_tls.o)
 .debug_aranges
                0x00000040       0x20 /usr/lib/gcc/arm-none-eabi/14.2.1/libgcc.a(_arm_addsubsf3.o)
 .debug_aranges
                0x00000060       0x20 /usr/lib/gcc/arm-none-eabi/14.2.1/libgcc.a(_arm_muldivsf3.o)
 .debug_aranges
                0x00000080       0x20 /usr/lib/gcc/arm-none-eabi/14.2.1/libgcc.a(_arm_fixsfsi.o)

.debug_str      0x00000000      0x1c6
 .debug_str     0x00000000      0x1c6 /usr/lib/gcc/arm-none-eabi/14.2.1/libgcc.a(_divsi3.o)
                                 0x9f (size before relaxing)
 .debug_str     0x000001c6       0xa2 /usr/lib/gcc/arm-none-eabi/14.2.1/libgcc.a(_dvmd_tls.o)
 .debug_str     0x000001c6      0x127 /usr/lib/gcc/arm-none-eabi/14.2.1/libgcc.a(_arm_addsubsf3.o)
 .debug_str     0x000001c6       0xb3 /usr/lib/gcc/arm-none-eabi/14.2.1/libgcc.a(_arm_muldivsf3.o)
 .debug_str     0x000001c6       0x9e /usr/lib/gcc/arm-none-eabi/14.2.1/libgcc.a(_arm_fixsfsi.o)
